Vocab: 65 | Train: 1,003,854 | Val: 111,540
Device: cuda | n_embed=128 n_layers=4 n_heads=4
Train ctx=256 | Eval lengths: [256, 512, 1024, 2048, 4096]

============================================================
Model B
============================================================
Params: 810,049
/home/ubuntu/experiments/venv/lib/python3.12/site-packages/torch/cuda/__init__.py:734: UserWarning: Can't initialize NVML
  warnings.warn("Can't initialize NVML")
[B] iter     1 | loss 4.3595 | val_ppl 65.36
[B] iter   500 | loss 1.8788 | val_ppl 6.72
[B] iter  1000 | loss 1.6426 | val_ppl 5.71
[B] iter  1500 | loss 1.5644 | val_ppl 5.31
[B] iter  2000 | loss 1.5013 | val_ppl 5.02
[B] iter  2500 | loss 1.4598 | val_ppl 4.89
[B] iter  3000 | loss 1.4578 | val_ppl 4.86
[B] iter  3500 | loss 1.4071 | val_ppl 4.77
[B] iter  4000 | loss 1.4137 | val_ppl 4.76
[B] iter  4500 | loss 1.4145 | val_ppl 4.76
[B] iter  5000 | loss 1.3999 | val_ppl 4.75
Time: 308.7s

Eval PPL by context length:
  ctx=  256  PPL=4.71
  ctx=  512  PPL=5.78
  ctx= 1024  PPL=7.56
  ctx= 2048  PPL=9.62
  ctx= 4096  PPL=12.09

============================================================
Model J
============================================================
/home/ubuntu/experiments/venv/lib/python3.12/site-packages/torch/cuda/__init__.py:734: UserWarning: Can't initialize NVML
  warnings.warn("Can't initialize NVML")
Params: 818,561
[J] iter     1 | loss 4.4064 | val_ppl 66.92
[J] iter   500 | loss 1.7701 | val_ppl 6.07
[J] iter  1000 | loss 1.5109 | val_ppl 4.90
[J] iter  1500 | loss 1.4363 | val_ppl 4.48
[J] iter  2000 | loss 1.3859 | val_ppl 4.19
[J] iter  2500 | loss 1.3403 | val_ppl 4.10
[J] iter  3000 | loss 1.2679 | val_ppl 3.95
[J] iter  3500 | loss 1.3050 | val_ppl 3.87
[J] iter  4000 | loss 1.2834 | val_ppl 3.87
[J] iter  4500 | loss 1.2600 | val_ppl 3.83
[J] iter  5000 | loss 1.2622 | val_ppl 3.87
Time: 347.9s

Eval PPL by context length:
  ctx=  256  PPL=3.86
  ctx=  512  PPL=3.71
  ctx= 1024  PPL=3.67
  ctx= 2048  PPL=3.66
  ctx= 4096  PPL=3.74


============================================================
SUMMARY: PPL by context length
============================================================
 Model  ctx=  256  ctx=  512  ctx= 1024  ctx= 2048  ctx= 4096
-------------------------------------------------------------
     B        4.71        5.78        7.56        9.62       12.09
     J        3.86        3.71        3.67        3.66        3.74
