Vocab: 65 | Train: 1,003,854 | Val: 111,540
Device: cuda | n_embed=128 n_layers=4 n_heads=4
Train ctx=256 | Eval lengths: [256, 512, 1024, 2048, 4096]

============================================================
Model Jr
============================================================
Params: 810,049
/home/ubuntu/experiments/venv/lib/python3.12/site-packages/torch/cuda/__init__.py:734: UserWarning: Can't initialize NVML
  warnings.warn("Can't initialize NVML")
[Jr] iter     1 | loss 4.3573 | val_ppl 65.27
[Jr] iter   500 | loss 1.9146 | val_ppl 6.96
[Jr] iter  1000 | loss 1.6781 | val_ppl 5.86
[Jr] iter  1500 | loss 1.5944 | val_ppl 5.49
[Jr] iter  2000 | loss 1.5270 | val_ppl 5.19
[Jr] iter  2500 | loss 1.4996 | val_ppl 5.06
[Jr] iter  3000 | loss 1.4847 | val_ppl 5.03
[Jr] iter  3500 | loss 1.4462 | val_ppl 4.94
[Jr] iter  4000 | loss 1.4445 | val_ppl 4.94
[Jr] iter  4500 | loss 1.4492 | val_ppl 4.94
[Jr] iter  5000 | loss 1.4420 | val_ppl 4.93
Time: 310.6s

Eval PPL by context length:
  ctx=  256  PPL=4.89
  ctx=  512  PPL=4.88
  ctx= 1024  PPL=4.93
  ctx= 2048  PPL=4.94
  ctx= 4096  PPL=4.98

